-- for all removed resgroups the cgroup dirs should also be removed
! ls -d /sys/fs/cgroup/cpu/gpdb/*/;
/sys/fs/cgroup/cpu/gpdb/6437/
/sys/fs/cgroup/cpu/gpdb/6438/

! ls -d /sys/fs/cgroup/cpuacct/gpdb/*/;
/sys/fs/cgroup/cpuacct/gpdb/6437/
/sys/fs/cgroup/cpuacct/gpdb/6438/


-- reset the GUC and restart cluster.
-- start_ignore
! gpconfig -r gp_resource_manager;

! gpstop -rai;
-- end_ignore

SHOW gp_resource_manager;
gp_resource_manager
-------------------
queue              
(1 row)

-- reset admin_group concurrency setting
ALTER RESOURCE GROUP admin_group SET concurrency 10;
ALTER
